{"host":"test-host","entities":[{"file":false,"path":"\/","name":"bin"},{"file":false,"path":"\/","name":"boot"},{"file":false,"path":"\/","name":"cdrom"},{"file":false,"path":"\/","name":"dev"},{"file":false,"path":"\/","name":"devtools"},{"file":false,"path":"\/","name":"etc"},{"file":true,"path":"\/","name":"fstrim"},{"file":false,"path":"\/","name":"home"},{"file":true,"path":"\/","name":"initrd.img"},{"file":false,"path":"\/","name":"lib"},{"file":false,"path":"\/","name":"lib32"},{"file":false,"path":"\/","name":"lib64"},{"file":false,"path":"\/","name":"libx32"},{"file":false,"path":"\/","name":"lost+found"},{"file":false,"path":"\/","name":"media"},{"file":false,"path":"\/","name":"mnt"},{"file":false,"path":"\/","name":"opt"},{"file":false,"path":"\/","name":"proc"},{"file":false,"path":"\/","name":"root"},{"file":false,"path":"\/","name":"run"},{"file":false,"path":"\/","name":"sbin"},{"file":false,"path":"\/","name":"srv"},{"file":false,"path":"\/","name":"sys"},{"file":false,"path":"\/","name":"tmp"},{"file":false,"path":"\/","name":"usr"},{"file":false,"path":"\/","name":"var"},{"file":true,"path":"\/","name":"vmlinuz"},{"file":true,"path":"\/bin","name":"bash"},{"file":true,"path":"\/bin","name":"bunzip2"},{"file":true,"path":"\/bin","name":"busybox"},{"file":true,"path":"\/bin","name":"bzcat"},{"file":true,"path":"\/bin","name":"bzcmp"},{"file":true,"path":"\/bin","name":"bzdiff"},{"file":true,"path":"\/bin","name":"bzegrep"},{"file":true,"path":"\/bin","name":"bzexe"},{"file":true,"path":"\/bin","name":"bzfgrep"},{"file":true,"path":"\/bin","name":"bzgrep"},{"file":true,"path":"\/bin","name":"bzip2"},{"file":true,"path":"\/bin","name":"bzip2recover"},{"file":true,"path":"\/bin","name":"bzless"},{"file":true,"path":"\/bin","name":"bzmore"},{"file":true,"path":"\/bin","name":"cat"},{"file":true,"path":"\/bin","name":"chacl"},{"file":true,"path":"\/bin","name":"chgrp"},{"file":true,"path":"\/bin","name":"chmod"},{"file":true,"path":"\/bin","name":"chown"},{"file":true,"path":"\/bin","name":"chvt"},{"file":true,"path":"\/bin","name":"cp"},{"file":true,"path":"\/bin","name":"cpio"},{"file":true,"path":"\/bin","name":"dash"},{"file":true,"path":"\/bin","name":"date"},{"file":true,"path":"\/bin","name":"dbus-cleanup-sockets"},{"file":true,"path":"\/bin","name":"dbus-daemon"},{"file":true,"path":"\/bin","name":"dbus-uuidgen"},{"file":true,"path":"\/bin","name":"dd"},{"file":true,"path":"\/bin","name":"df"},{"file":true,"path":"\/bin","name":"dir"},{"file":true,"path":"\/bin","name":"dmesg"},{"file":true,"path":"\/bin","name":"dnsdomainname"},{"file":true,"path":"\/bin","name":"domainname"},{"file":true,"path":"\/bin","name":"dumpkeys"},{"file":true,"path":"\/bin","name":"echo"},{"file":true,"path":"\/bin","name":"çš„nclipse"},{"file":true,"path":"\/bin","name":"ed"},{"file":true,"path":"\/bin","name":"egrep"},{"file":true,"path":"\/bin","name":"false"},{"file":true,"path":"\/bin","name":"fgconsole"},{"file":true,"path":"\/bin","name":"fgrep"},{"file":true,"path":"\/bin","name":"findmnt"},{"file":true,"path":"\/bin","name":"fuser"},{"file":true,"path":"\/bin","name":"fusermount"},{"file":true,"path":"\/bin","name":"getfacl"},{"file":true,"path":"\/bin","name":"grep"},{"file":true,"path":"\/bin","name":"gunzip"},{"file":true,"path":"\/bin","name":"gzexe"},{"file":true,"path":"\/bin","name":"gzip"},{"file":true,"path":"\/bin","name":"hostname"},{"file":true,"path":"\/bin","name":"ip"},{"file":true,"path":"\/bin","name":"kbd_mode"},{"file":true,"path":"\/bin","name":"keyctl"},{"file":true,"path":"\/bin","name":"kill"},{"file":true,"path":"\/bin","name":"kmod"},{"file":true,"path":"\/bin","name":"less"},{"file":true,"path":"\/bin","name":"lessecho"},{"file":true,"path":"\/bin","name":"lessfile"},{"file":true,"path":"\/bin","name":"lesskey"},{"file":true,"path":"\/bin","name":"lesspipe"},{"file":true,"path":"\/bin","name":"ln"},{"file":true,"path":"\/bin","name":"loadkeys"},{"file":true,"path":"\/bin","name":"login"},{"file":true,"path":"\/bin","name":"loginctl"},{"file":true,"path":"\/bin","name":"lowntfs-3g"},{"file":true,"path":"\/bin","name":"ls"},{"file":true,"path":"\/bin","name":"lsblk"},{"file":true,"path":"\/bin","name":"lsmod"},{"file":true,"path":"\/bin","name":"mkdir"},{"file":true,"path":"\/bin","name":"mknod"},{"file":true,"path":"\/bin","name":"mktemp"},{"file":true,"path":"\/bin","name":"more"},{"file":true,"path":"\/bin","name":"mount"},{"file":true,"path":"\/bin","name":"mountpoint"},{"file":true,"path":"\/bin","name":"mt"},{"file":true,"path":"\/bin","name":"mt-gnu"},{"file":true,"path":"\/bin","name":"mv"},{"file":true,"path":"\/bin","name":"nano"},{"file":true,"path":"\/bin","name":"nc"},{"file":true,"path":"\/bin","name":"nc.openbsd"},{"file":true,"path":"\/bin","name":"netcat"},{"file":true,"path":"\/bin","name":"netstat"},{"file":true,"path":"\/bin","name":"nisdomainname"},{"file":true,"path":"\/bin","name":"ntfs-3g"},{"file":true,"path":"\/bin","name":"ntfs-3g.probe"},{"file":true,"path":"\/bin","name":"ntfs-3g.secaudit"},{"file":true,"path":"\/bin","name":"ntfs-3g.usermap"},{"file":true,"path":"\/bin","name":"ntfscat"},{"file":true,"path":"\/bin","name":"ntfsck"},{"file":true,"path":"\/bin","name":"ntfscluster"},{"file":true,"path":"\/bin","name":"ntfscmp"},{"file":true,"path":"\/bin","name":"ntfsdump_logfile"},{"file":true,"path":"\/bin","name":"ntfsfix"},{"file":true,"path":"\/bin","name":"ntfsinfo"},{"file":true,"path":"\/bin","name":"ntfsls"},{"file":true,"path":"\/bin","name":"ntfsmftalloc"},{"file":true,"path":"\/bin","name":"ntfsmove"},{"file":true,"path":"\/bin","name":"ntfstruncate"},{"file":true,"path":"\/bin","name":"ntfswipe"},{"file":true,"path":"\/bin","name":"open"},{"file":true,"path":"\/bin","name":"openvt"},{"file":true,"path":"\/bin","name":"pidof"},{"file":true,"path":"\/bin","name":"ping"},{"file":true,"path":"\/bin","name":"ping6"},{"file":true,"path":"\/bin","name":"plymouth"},{"file":true,"path":"\/bin","name":"plymouth-upstart-bridge"},{"file":true,"path":"\/bin","name":"ps"},{"file":true,"path":"\/bin","name":"pwd"},{"file":true,"path":"\/bin","name":"rbash"},{"file":true,"path":"\/bin","name":"readlink"},{"file":true,"path":"\/bin","name":"red"},{"file":true,"path":"\/bin","name":"rm"},{"file":true,"path":"\/bin","name":"rmdir"},{"file":true,"path":"\/bin","name":"rnano"},{"file":true,"path":"\/bin","name":"run-parts"},{"file":true,"path":"\/bin","name":"running-in-container"},{"file":true,"path":"\/bin","name":"sed"},{"file":true,"path":"\/bin","name":"setfacl"},{"file":true,"path":"\/bin","name":"setfont"},{"file":true,"path":"\/bin","name":"setupcon"},{"file":true,"path":"\/bin","name":"sh"},{"file":true,"path":"\/bin","name":"sh.distrib"},{"file":true,"path":"\/bin","name":"sleep"},{"file":true,"path":"\/bin","name":"ss"},{"file":true,"path":"\/bin","name":"static-sh"},{"file":true,"path":"\/bin","name":"stty"},{"file":true,"path":"\/bin","name":"su"},{"file":true,"path":"\/bin","name":"sync"},{"file":true,"path":"\/bin","name":"tailf"},{"file":true,"path":"\/bin","name":"tar"},{"file":true,"path":"\/bin","name":"tempfile"},{"file":true,"path":"\/bin","name":"touch"},{"file":true,"path":"\/bin","name":"true"},{"file":true,"path":"\/bin","name":"udevadm"},{"file":true,"path":"\/bin","name":"ulockmgr_server"},{"file":true,"path":"\/bin","name":"umount"},{"file":true,"path":"\/bin","name":"uname"},{"file":true,"path":"\/bin","name":"uncompress"},{"file":true,"path":"\/bin","name":"unicode_start"},{"file":true,"path":"\/bin","name":"vdir"},{"file":true,"path":"\/bin","name":"vmmouse_detect"},{"file":true,"path":"\/bin","name":"which"},{"file":true,"path":"\/bin","name":"whiptail"},{"file":true,"path":"\/bin","name":"ypdomainname"},{"file":true,"path":"\/bin","name":"zcat"},{"file":true,"path":"\/bin","name":"zcmp"},{"file":true,"path":"\/bin","name":"zdiff"},{"file":true,"path":"\/bin","name":"zegrep"},{"file":true,"path":"\/bin","name":"zfgrep"},{"file":true,"path":"\/bin","name":"zforce"},{"file":true,"path":"\/bin","name":"zgrep"},{"file":true,"path":"\/bin","name":"zless"},{"file":true,"path":"\/bin","name":"zmore"},{"file":true,"path":"\/bin","name":"znew"},{"file":true,"path":"\/boot","name":"System.map-3.13.0-24-generic"},{"file":true,"path":"\/boot","name":"abi-3.13.0-24-generic"},{"file":true,"path":"\/boot","name":"config-3.13.0-24-generic"},{"file":false,"path":"\/boot","name":"grub"},{"file":true,"path":"\/boot","name":"initrd.img-3.13.0-24-generic"},{"file":true,"path":"\/boot","name":"memtest86+.bin"},{"file":true,"path":"\/boot","name":"memtest86+.elf"},{"file":true,"path":"\/boot","name":"memtest86+_multiboot.bin"}]}
